--------------------------------------------------------------------------------
Release 14.7 Trace  (nt64)
Copyright (c) 1995-2013 Xilinx, Inc.  All rights reserved.

C:\Xilinx\14.7\ISE_DS\ISE\bin\nt64\unwrapped\trce.exe -intstyle ise -v 3 -s 4
-n 3 -fastpaths -xml Alu.twx Alu.ncd -o Alu.twr Alu.pcf

Design file:              Alu.ncd
Physical constraint file: Alu.pcf
Device,package,speed:     xc3s500e,fg320,-4 (PRODUCTION 1.27 2013-10-13)
Report level:             verbose report

Environment Variable      Effect 
--------------------      ------ 
NONE                      No environment variables were set
--------------------------------------------------------------------------------

INFO:Timing:2698 - No timing constraints found, doing default enumeration.
INFO:Timing:3412 - To improve timing, see the Timing Closure User Guide (UG612).
INFO:Timing:2752 - To get complete path coverage, use the unconstrained paths 
   option. All paths that are not constrained will be reported in the 
   unconstrained paths section(s) of the report.
INFO:Timing:3339 - The clock-to-out numbers in this timing report are based on 
   a 50 Ohm transmission line loading model.  For the details of this model, 
   and for more information on accounting for different loading conditions, 
   please see the device datasheet.
INFO:Timing:3390 - This architecture does not support a default System Jitter 
   value, please add SYSTEM_JITTER constraint to the UCF to modify the Clock 
   Uncertainty calculation.
INFO:Timing:3389 - This architecture does not support 'Discrete Jitter' and 
   'Phase Error' calculations, these terms will be zero in the Clock 
   Uncertainty calculation.  Please make appropriate modification to 
   SYSTEM_JITTER to account for the unsupported Discrete Jitter and Phase 
   Error.



Data Sheet report:
-----------------
All values displayed in nanoseconds (ns)

Pad to Pad
---------------+---------------+---------+
Source Pad     |Destination Pad|  Delay  |
---------------+---------------+---------+
aluop<0>       |aluresult<0>   |    9.453|
aluop<0>       |aluresult<1>   |    8.975|
aluop<0>       |aluresult<2>   |    8.994|
aluop<0>       |aluresult<3>   |    9.416|
aluop<0>       |aluresult<4>   |    8.868|
aluop<0>       |aluresult<5>   |    9.034|
aluop<0>       |aluresult<6>   |    9.529|
aluop<0>       |aluresult<7>   |    8.850|
aluop<0>       |aluresult<8>   |    8.851|
aluop<0>       |aluresult<9>   |    8.855|
aluop<0>       |aluresult<10>  |    8.909|
aluop<0>       |aluresult<11>  |    9.132|
aluop<0>       |aluresult<12>  |    8.857|
aluop<0>       |aluresult<13>  |    8.338|
aluop<0>       |aluresult<14>  |    8.283|
aluop<0>       |aluresult<15>  |    7.860|
aluop<0>       |aluresult<16>  |    8.689|
aluop<0>       |aluresult<17>  |    8.144|
aluop<0>       |aluresult<18>  |    8.436|
aluop<0>       |aluresult<19>  |    8.104|
aluop<0>       |aluresult<20>  |    7.881|
aluop<0>       |aluresult<21>  |    7.428|
aluop<0>       |aluresult<22>  |    7.500|
aluop<0>       |aluresult<23>  |    7.112|
aluop<0>       |aluresult<24>  |    7.460|
aluop<0>       |aluresult<25>  |    7.731|
aluop<0>       |aluresult<26>  |    7.304|
aluop<0>       |aluresult<27>  |    7.267|
aluop<0>       |aluresult<28>  |    8.574|
aluop<0>       |aluresult<29>  |    7.338|
aluop<0>       |aluresult<30>  |    7.903|
aluop<0>       |aluresult<31>  |    8.014|
aluop<1>       |aluresult<0>   |    8.771|
aluop<1>       |aluresult<1>   |    8.890|
aluop<1>       |aluresult<2>   |    8.702|
aluop<1>       |aluresult<3>   |    8.831|
aluop<1>       |aluresult<4>   |    9.218|
aluop<1>       |aluresult<5>   |    8.931|
aluop<1>       |aluresult<6>   |    9.714|
aluop<1>       |aluresult<7>   |    9.555|
aluop<1>       |aluresult<8>   |    9.165|
aluop<1>       |aluresult<9>   |    8.627|
aluop<1>       |aluresult<10>  |    9.158|
aluop<1>       |aluresult<11>  |    9.436|
aluop<1>       |aluresult<12>  |    9.631|
aluop<1>       |aluresult<13>  |    8.550|
aluop<1>       |aluresult<14>  |    8.915|
aluop<1>       |aluresult<15>  |    8.251|
aluop<1>       |aluresult<16>  |    9.039|
aluop<1>       |aluresult<17>  |    8.598|
aluop<1>       |aluresult<18>  |    8.779|
aluop<1>       |aluresult<19>  |    8.447|
aluop<1>       |aluresult<20>  |    8.247|
aluop<1>       |aluresult<21>  |    7.021|
aluop<1>       |aluresult<22>  |    8.249|
aluop<1>       |aluresult<23>  |    7.975|
aluop<1>       |aluresult<24>  |    8.325|
aluop<1>       |aluresult<25>  |    7.706|
aluop<1>       |aluresult<26>  |    8.190|
aluop<1>       |aluresult<27>  |    8.076|
aluop<1>       |aluresult<28>  |    7.977|
aluop<1>       |aluresult<29>  |    7.268|
aluop<1>       |aluresult<30>  |    7.296|
aluop<1>       |aluresult<31>  |    7.989|
aluop<2>       |aluresult<0>   |    9.996|
aluop<2>       |aluresult<1>   |   10.327|
aluop<2>       |aluresult<2>   |   10.291|
aluop<2>       |aluresult<3>   |   10.268|
aluop<2>       |aluresult<4>   |    9.765|
aluop<2>       |aluresult<5>   |    9.533|
aluop<2>       |aluresult<6>   |   10.925|
aluop<2>       |aluresult<7>   |    9.790|
aluop<2>       |aluresult<8>   |   10.589|
aluop<2>       |aluresult<9>   |   10.117|
aluop<2>       |aluresult<10>  |    9.996|
aluop<2>       |aluresult<11>  |   10.703|
aluop<2>       |aluresult<12>  |    9.944|
aluop<2>       |aluresult<13>  |    8.545|
aluop<2>       |aluresult<14>  |    8.372|
aluop<2>       |aluresult<15>  |    8.409|
aluop<2>       |aluresult<16>  |    9.586|
aluop<2>       |aluresult<17>  |    8.425|
aluop<2>       |aluresult<18>  |    8.670|
aluop<2>       |aluresult<19>  |    8.338|
aluop<2>       |aluresult<20>  |    8.092|
aluop<2>       |aluresult<21>  |    7.696|
aluop<2>       |aluresult<22>  |    7.702|
aluop<2>       |aluresult<23>  |    7.989|
aluop<2>       |aluresult<24>  |    8.066|
aluop<2>       |aluresult<25>  |    9.148|
aluop<2>       |aluresult<26>  |    7.643|
aluop<2>       |aluresult<27>  |    8.157|
aluop<2>       |aluresult<28>  |    9.593|
aluop<2>       |aluresult<29>  |    7.268|
aluop<2>       |aluresult<30>  |    7.940|
aluop<2>       |aluresult<31>  |    9.431|
srca<0>        |aluresult<0>   |   12.582|
srca<0>        |aluresult<1>   |   12.780|
srca<0>        |aluresult<2>   |   12.549|
srca<0>        |aluresult<3>   |   13.027|
srca<0>        |aluresult<4>   |   12.866|
srca<0>        |aluresult<5>   |   13.226|
srca<0>        |aluresult<6>   |   13.906|
srca<0>        |aluresult<7>   |   13.716|
srca<0>        |aluresult<8>   |   12.893|
srca<0>        |aluresult<9>   |   13.252|
srca<0>        |aluresult<10>  |   13.020|
srca<0>        |aluresult<11>  |   13.523|
srca<0>        |aluresult<12>  |   13.074|
srca<0>        |aluresult<13>  |   13.743|
srca<0>        |aluresult<14>  |   12.887|
srca<0>        |aluresult<15>  |   12.907|
srca<0>        |aluresult<16>  |   13.497|
srca<0>        |aluresult<17>  |   13.323|
srca<0>        |aluresult<18>  |   13.553|
srca<0>        |aluresult<19>  |   13.537|
srca<0>        |aluresult<20>  |   13.323|
srca<0>        |aluresult<21>  |   12.864|
srca<0>        |aluresult<22>  |   13.444|
srca<0>        |aluresult<23>  |   13.238|
srca<0>        |aluresult<24>  |   13.679|
srca<0>        |aluresult<25>  |   13.805|
srca<0>        |aluresult<26>  |   13.361|
srca<0>        |aluresult<27>  |   13.862|
srca<0>        |aluresult<28>  |   14.261|
srca<0>        |aluresult<29>  |   13.470|
srca<0>        |aluresult<30>  |   13.280|
srca<0>        |aluresult<31>  |   14.594|
srca<1>        |aluresult<1>   |   12.048|
srca<1>        |aluresult<2>   |   12.230|
srca<1>        |aluresult<3>   |   12.708|
srca<1>        |aluresult<4>   |   12.547|
srca<1>        |aluresult<5>   |   12.907|
srca<1>        |aluresult<6>   |   13.587|
srca<1>        |aluresult<7>   |   13.397|
srca<1>        |aluresult<8>   |   12.574|
srca<1>        |aluresult<9>   |   12.933|
srca<1>        |aluresult<10>  |   12.701|
srca<1>        |aluresult<11>  |   13.204|
srca<1>        |aluresult<12>  |   12.755|
srca<1>        |aluresult<13>  |   13.424|
srca<1>        |aluresult<14>  |   12.568|
srca<1>        |aluresult<15>  |   12.588|
srca<1>        |aluresult<16>  |   13.178|
srca<1>        |aluresult<17>  |   13.004|
srca<1>        |aluresult<18>  |   13.234|
srca<1>        |aluresult<19>  |   13.218|
srca<1>        |aluresult<20>  |   13.004|
srca<1>        |aluresult<21>  |   12.545|
srca<1>        |aluresult<22>  |   13.125|
srca<1>        |aluresult<23>  |   12.919|
srca<1>        |aluresult<24>  |   13.360|
srca<1>        |aluresult<25>  |   13.486|
srca<1>        |aluresult<26>  |   13.042|
srca<1>        |aluresult<27>  |   13.543|
srca<1>        |aluresult<28>  |   13.942|
srca<1>        |aluresult<29>  |   13.151|
srca<1>        |aluresult<30>  |   12.961|
srca<1>        |aluresult<31>  |   14.275|
srca<2>        |aluresult<2>   |   11.414|
srca<2>        |aluresult<3>   |   12.120|
srca<2>        |aluresult<4>   |   12.142|
srca<2>        |aluresult<5>   |   12.502|
srca<2>        |aluresult<6>   |   13.182|
srca<2>        |aluresult<7>   |   12.992|
srca<2>        |aluresult<8>   |   12.169|
srca<2>        |aluresult<9>   |   12.528|
srca<2>        |aluresult<10>  |   12.296|
srca<2>        |aluresult<11>  |   12.799|
srca<2>        |aluresult<12>  |   12.350|
srca<2>        |aluresult<13>  |   13.019|
srca<2>        |aluresult<14>  |   12.163|
srca<2>        |aluresult<15>  |   12.183|
srca<2>        |aluresult<16>  |   12.773|
srca<2>        |aluresult<17>  |   12.599|
srca<2>        |aluresult<18>  |   12.829|
srca<2>        |aluresult<19>  |   12.813|
srca<2>        |aluresult<20>  |   12.599|
srca<2>        |aluresult<21>  |   12.140|
srca<2>        |aluresult<22>  |   12.720|
srca<2>        |aluresult<23>  |   12.514|
srca<2>        |aluresult<24>  |   12.955|
srca<2>        |aluresult<25>  |   13.081|
srca<2>        |aluresult<26>  |   12.637|
srca<2>        |aluresult<27>  |   13.138|
srca<2>        |aluresult<28>  |   13.537|
srca<2>        |aluresult<29>  |   12.746|
srca<2>        |aluresult<30>  |   12.556|
srca<2>        |aluresult<31>  |   13.870|
srca<3>        |aluresult<3>   |   11.379|
srca<3>        |aluresult<4>   |   11.814|
srca<3>        |aluresult<5>   |   12.174|
srca<3>        |aluresult<6>   |   12.854|
srca<3>        |aluresult<7>   |   12.664|
srca<3>        |aluresult<8>   |   11.841|
srca<3>        |aluresult<9>   |   12.200|
srca<3>        |aluresult<10>  |   11.968|
srca<3>        |aluresult<11>  |   12.471|
srca<3>        |aluresult<12>  |   12.022|
srca<3>        |aluresult<13>  |   12.691|
srca<3>        |aluresult<14>  |   11.835|
srca<3>        |aluresult<15>  |   11.855|
srca<3>        |aluresult<16>  |   12.445|
srca<3>        |aluresult<17>  |   12.271|
srca<3>        |aluresult<18>  |   12.501|
srca<3>        |aluresult<19>  |   12.485|
srca<3>        |aluresult<20>  |   12.271|
srca<3>        |aluresult<21>  |   11.812|
srca<3>        |aluresult<22>  |   12.392|
srca<3>        |aluresult<23>  |   12.186|
srca<3>        |aluresult<24>  |   12.627|
srca<3>        |aluresult<25>  |   12.753|
srca<3>        |aluresult<26>  |   12.309|
srca<3>        |aluresult<27>  |   12.810|
srca<3>        |aluresult<28>  |   13.209|
srca<3>        |aluresult<29>  |   12.418|
srca<3>        |aluresult<30>  |   12.228|
srca<3>        |aluresult<31>  |   13.542|
srca<4>        |aluresult<4>   |   11.661|
srca<4>        |aluresult<5>   |   12.249|
srca<4>        |aluresult<6>   |   13.112|
srca<4>        |aluresult<7>   |   12.922|
srca<4>        |aluresult<8>   |   12.099|
srca<4>        |aluresult<9>   |   12.458|
srca<4>        |aluresult<10>  |   12.226|
srca<4>        |aluresult<11>  |   12.729|
srca<4>        |aluresult<12>  |   12.280|
srca<4>        |aluresult<13>  |   12.949|
srca<4>        |aluresult<14>  |   12.093|
srca<4>        |aluresult<15>  |   12.113|
srca<4>        |aluresult<16>  |   12.703|
srca<4>        |aluresult<17>  |   12.529|
srca<4>        |aluresult<18>  |   12.759|
srca<4>        |aluresult<19>  |   12.743|
srca<4>        |aluresult<20>  |   12.529|
srca<4>        |aluresult<21>  |   12.070|
srca<4>        |aluresult<22>  |   12.650|
srca<4>        |aluresult<23>  |   12.444|
srca<4>        |aluresult<24>  |   12.885|
srca<4>        |aluresult<25>  |   13.011|
srca<4>        |aluresult<26>  |   12.567|
srca<4>        |aluresult<27>  |   13.068|
srca<4>        |aluresult<28>  |   13.467|
srca<4>        |aluresult<29>  |   12.676|
srca<4>        |aluresult<30>  |   12.486|
srca<4>        |aluresult<31>  |   13.800|
srca<5>        |aluresult<5>   |   12.000|
srca<5>        |aluresult<6>   |   13.276|
srca<5>        |aluresult<7>   |   13.086|
srca<5>        |aluresult<8>   |   12.263|
srca<5>        |aluresult<9>   |   12.622|
srca<5>        |aluresult<10>  |   12.390|
srca<5>        |aluresult<11>  |   12.893|
srca<5>        |aluresult<12>  |   12.444|
srca<5>        |aluresult<13>  |   13.113|
srca<5>        |aluresult<14>  |   12.257|
srca<5>        |aluresult<15>  |   12.277|
srca<5>        |aluresult<16>  |   12.867|
srca<5>        |aluresult<17>  |   12.693|
srca<5>        |aluresult<18>  |   12.923|
srca<5>        |aluresult<19>  |   12.907|
srca<5>        |aluresult<20>  |   12.693|
srca<5>        |aluresult<21>  |   12.234|
srca<5>        |aluresult<22>  |   12.814|
srca<5>        |aluresult<23>  |   12.608|
srca<5>        |aluresult<24>  |   13.049|
srca<5>        |aluresult<25>  |   13.175|
srca<5>        |aluresult<26>  |   12.731|
srca<5>        |aluresult<27>  |   13.232|
srca<5>        |aluresult<28>  |   13.631|
srca<5>        |aluresult<29>  |   12.840|
srca<5>        |aluresult<30>  |   12.650|
srca<5>        |aluresult<31>  |   13.964|
srca<6>        |aluresult<6>   |   12.650|
srca<6>        |aluresult<7>   |   12.688|
srca<6>        |aluresult<8>   |   12.048|
srca<6>        |aluresult<9>   |   12.407|
srca<6>        |aluresult<10>  |   12.175|
srca<6>        |aluresult<11>  |   12.678|
srca<6>        |aluresult<12>  |   12.229|
srca<6>        |aluresult<13>  |   12.898|
srca<6>        |aluresult<14>  |   12.042|
srca<6>        |aluresult<15>  |   12.062|
srca<6>        |aluresult<16>  |   12.652|
srca<6>        |aluresult<17>  |   12.478|
srca<6>        |aluresult<18>  |   12.708|
srca<6>        |aluresult<19>  |   12.692|
srca<6>        |aluresult<20>  |   12.478|
srca<6>        |aluresult<21>  |   12.019|
srca<6>        |aluresult<22>  |   12.599|
srca<6>        |aluresult<23>  |   12.393|
srca<6>        |aluresult<24>  |   12.834|
srca<6>        |aluresult<25>  |   12.960|
srca<6>        |aluresult<26>  |   12.516|
srca<6>        |aluresult<27>  |   13.017|
srca<6>        |aluresult<28>  |   13.416|
srca<6>        |aluresult<29>  |   12.625|
srca<6>        |aluresult<30>  |   12.435|
srca<6>        |aluresult<31>  |   13.749|
srca<7>        |aluresult<7>   |   11.950|
srca<7>        |aluresult<8>   |   11.723|
srca<7>        |aluresult<9>   |   12.082|
srca<7>        |aluresult<10>  |   11.850|
srca<7>        |aluresult<11>  |   12.353|
srca<7>        |aluresult<12>  |   11.904|
srca<7>        |aluresult<13>  |   12.573|
srca<7>        |aluresult<14>  |   11.717|
srca<7>        |aluresult<15>  |   11.737|
srca<7>        |aluresult<16>  |   12.327|
srca<7>        |aluresult<17>  |   12.153|
srca<7>        |aluresult<18>  |   12.383|
srca<7>        |aluresult<19>  |   12.367|
srca<7>        |aluresult<20>  |   12.153|
srca<7>        |aluresult<21>  |   11.694|
srca<7>        |aluresult<22>  |   12.274|
srca<7>        |aluresult<23>  |   12.068|
srca<7>        |aluresult<24>  |   12.509|
srca<7>        |aluresult<25>  |   12.635|
srca<7>        |aluresult<26>  |   12.191|
srca<7>        |aluresult<27>  |   12.692|
srca<7>        |aluresult<28>  |   13.091|
srca<7>        |aluresult<29>  |   12.300|
srca<7>        |aluresult<30>  |   12.110|
srca<7>        |aluresult<31>  |   13.424|
srca<8>        |aluresult<8>   |   10.384|
srca<8>        |aluresult<9>   |   10.971|
srca<8>        |aluresult<10>  |   10.922|
srca<8>        |aluresult<11>  |   11.425|
srca<8>        |aluresult<12>  |   10.976|
srca<8>        |aluresult<13>  |   11.645|
srca<8>        |aluresult<14>  |   10.789|
srca<8>        |aluresult<15>  |   10.809|
srca<8>        |aluresult<16>  |   11.399|
srca<8>        |aluresult<17>  |   11.225|
srca<8>        |aluresult<18>  |   11.455|
srca<8>        |aluresult<19>  |   11.439|
srca<8>        |aluresult<20>  |   11.225|
srca<8>        |aluresult<21>  |   10.766|
srca<8>        |aluresult<22>  |   11.346|
srca<8>        |aluresult<23>  |   11.140|
srca<8>        |aluresult<24>  |   11.581|
srca<8>        |aluresult<25>  |   11.707|
srca<8>        |aluresult<26>  |   11.263|
srca<8>        |aluresult<27>  |   11.764|
srca<8>        |aluresult<28>  |   12.163|
srca<8>        |aluresult<29>  |   11.372|
srca<8>        |aluresult<30>  |   11.182|
srca<8>        |aluresult<31>  |   12.496|
srca<9>        |aluresult<9>   |   11.028|
srca<9>        |aluresult<10>  |   11.392|
srca<9>        |aluresult<11>  |   11.895|
srca<9>        |aluresult<12>  |   11.446|
srca<9>        |aluresult<13>  |   12.115|
srca<9>        |aluresult<14>  |   11.259|
srca<9>        |aluresult<15>  |   11.279|
srca<9>        |aluresult<16>  |   11.869|
srca<9>        |aluresult<17>  |   11.695|
srca<9>        |aluresult<18>  |   11.925|
srca<9>        |aluresult<19>  |   11.909|
srca<9>        |aluresult<20>  |   11.695|
srca<9>        |aluresult<21>  |   11.236|
srca<9>        |aluresult<22>  |   11.816|
srca<9>        |aluresult<23>  |   11.610|
srca<9>        |aluresult<24>  |   12.051|
srca<9>        |aluresult<25>  |   12.177|
srca<9>        |aluresult<26>  |   11.733|
srca<9>        |aluresult<27>  |   12.234|
srca<9>        |aluresult<28>  |   12.633|
srca<9>        |aluresult<29>  |   11.842|
srca<9>        |aluresult<30>  |   11.652|
srca<9>        |aluresult<31>  |   12.966|
srca<10>       |aluresult<10>  |   10.578|
srca<10>       |aluresult<11>  |   11.309|
srca<10>       |aluresult<12>  |   11.043|
srca<10>       |aluresult<13>  |   11.712|
srca<10>       |aluresult<14>  |   10.856|
srca<10>       |aluresult<15>  |   10.876|
srca<10>       |aluresult<16>  |   11.466|
srca<10>       |aluresult<17>  |   11.292|
srca<10>       |aluresult<18>  |   11.522|
srca<10>       |aluresult<19>  |   11.506|
srca<10>       |aluresult<20>  |   11.292|
srca<10>       |aluresult<21>  |   10.833|
srca<10>       |aluresult<22>  |   11.413|
srca<10>       |aluresult<23>  |   11.207|
srca<10>       |aluresult<24>  |   11.648|
srca<10>       |aluresult<25>  |   11.774|
srca<10>       |aluresult<26>  |   11.330|
srca<10>       |aluresult<27>  |   11.831|
srca<10>       |aluresult<28>  |   12.230|
srca<10>       |aluresult<29>  |   11.439|
srca<10>       |aluresult<30>  |   11.249|
srca<10>       |aluresult<31>  |   12.563|
srca<11>       |aluresult<11>  |   10.675|
srca<11>       |aluresult<12>  |   10.822|
srca<11>       |aluresult<13>  |   11.491|
srca<11>       |aluresult<14>  |   10.635|
srca<11>       |aluresult<15>  |   10.655|
srca<11>       |aluresult<16>  |   11.245|
srca<11>       |aluresult<17>  |   11.071|
srca<11>       |aluresult<18>  |   11.301|
srca<11>       |aluresult<19>  |   11.285|
srca<11>       |aluresult<20>  |   11.071|
srca<11>       |aluresult<21>  |   10.612|
srca<11>       |aluresult<22>  |   11.192|
srca<11>       |aluresult<23>  |   10.986|
srca<11>       |aluresult<24>  |   11.427|
srca<11>       |aluresult<25>  |   11.553|
srca<11>       |aluresult<26>  |   11.109|
srca<11>       |aluresult<27>  |   11.610|
srca<11>       |aluresult<28>  |   12.009|
srca<11>       |aluresult<29>  |   11.218|
srca<11>       |aluresult<30>  |   11.028|
srca<11>       |aluresult<31>  |   12.342|
srca<12>       |aluresult<12>  |    9.658|
srca<12>       |aluresult<13>  |   10.555|
srca<12>       |aluresult<14>  |    9.882|
srca<12>       |aluresult<15>  |    9.902|
srca<12>       |aluresult<16>  |   10.492|
srca<12>       |aluresult<17>  |   10.318|
srca<12>       |aluresult<18>  |   10.548|
srca<12>       |aluresult<19>  |   10.532|
srca<12>       |aluresult<20>  |   10.318|
srca<12>       |aluresult<21>  |    9.859|
srca<12>       |aluresult<22>  |   10.439|
srca<12>       |aluresult<23>  |   10.233|
srca<12>       |aluresult<24>  |   10.674|
srca<12>       |aluresult<25>  |   10.800|
srca<12>       |aluresult<26>  |   10.356|
srca<12>       |aluresult<27>  |   10.857|
srca<12>       |aluresult<28>  |   11.256|
srca<12>       |aluresult<29>  |   10.465|
srca<12>       |aluresult<30>  |   10.275|
srca<12>       |aluresult<31>  |   11.589|
srca<13>       |aluresult<13>  |   10.163|
srca<13>       |aluresult<14>  |    9.903|
srca<13>       |aluresult<15>  |    9.923|
srca<13>       |aluresult<16>  |   10.513|
srca<13>       |aluresult<17>  |   10.339|
srca<13>       |aluresult<18>  |   10.569|
srca<13>       |aluresult<19>  |   10.553|
srca<13>       |aluresult<20>  |   10.339|
srca<13>       |aluresult<21>  |    9.880|
srca<13>       |aluresult<22>  |   10.460|
srca<13>       |aluresult<23>  |   10.254|
srca<13>       |aluresult<24>  |   10.695|
srca<13>       |aluresult<25>  |   10.821|
srca<13>       |aluresult<26>  |   10.377|
srca<13>       |aluresult<27>  |   10.878|
srca<13>       |aluresult<28>  |   11.277|
srca<13>       |aluresult<29>  |   10.486|
srca<13>       |aluresult<30>  |   10.296|
srca<13>       |aluresult<31>  |   11.610|
srca<14>       |aluresult<14>  |    9.338|
srca<14>       |aluresult<15>  |    9.586|
srca<14>       |aluresult<16>  |   10.359|
srca<14>       |aluresult<17>  |   10.185|
srca<14>       |aluresult<18>  |   10.415|
srca<14>       |aluresult<19>  |   10.399|
srca<14>       |aluresult<20>  |   10.185|
srca<14>       |aluresult<21>  |    9.726|
srca<14>       |aluresult<22>  |   10.306|
srca<14>       |aluresult<23>  |   10.100|
srca<14>       |aluresult<24>  |   10.541|
srca<14>       |aluresult<25>  |   10.667|
srca<14>       |aluresult<26>  |   10.223|
srca<14>       |aluresult<27>  |   10.724|
srca<14>       |aluresult<28>  |   11.123|
srca<14>       |aluresult<29>  |   10.332|
srca<14>       |aluresult<30>  |   10.142|
srca<14>       |aluresult<31>  |   11.456|
srca<15>       |aluresult<15>  |    9.155|
srca<15>       |aluresult<16>  |   10.341|
srca<15>       |aluresult<17>  |   10.167|
srca<15>       |aluresult<18>  |   10.397|
srca<15>       |aluresult<19>  |   10.381|
srca<15>       |aluresult<20>  |   10.167|
srca<15>       |aluresult<21>  |    9.708|
srca<15>       |aluresult<22>  |   10.288|
srca<15>       |aluresult<23>  |   10.082|
srca<15>       |aluresult<24>  |   10.523|
srca<15>       |aluresult<25>  |   10.649|
srca<15>       |aluresult<26>  |   10.205|
srca<15>       |aluresult<27>  |   10.706|
srca<15>       |aluresult<28>  |   11.105|
srca<15>       |aluresult<29>  |   10.314|
srca<15>       |aluresult<30>  |   10.124|
srca<15>       |aluresult<31>  |   11.438|
srca<16>       |aluresult<16>  |    9.836|
srca<16>       |aluresult<17>  |    9.890|
srca<16>       |aluresult<18>  |   10.303|
srca<16>       |aluresult<19>  |   10.287|
srca<16>       |aluresult<20>  |   10.073|
srca<16>       |aluresult<21>  |    9.614|
srca<16>       |aluresult<22>  |   10.194|
srca<16>       |aluresult<23>  |    9.988|
srca<16>       |aluresult<24>  |   10.429|
srca<16>       |aluresult<25>  |   10.555|
srca<16>       |aluresult<26>  |   10.111|
srca<16>       |aluresult<27>  |   10.612|
srca<16>       |aluresult<28>  |   11.011|
srca<16>       |aluresult<29>  |   10.220|
srca<16>       |aluresult<30>  |   10.030|
srca<16>       |aluresult<31>  |   11.344|
srca<17>       |aluresult<17>  |    9.484|
srca<17>       |aluresult<18>  |   10.310|
srca<17>       |aluresult<19>  |   10.294|
srca<17>       |aluresult<20>  |   10.080|
srca<17>       |aluresult<21>  |    9.621|
srca<17>       |aluresult<22>  |   10.201|
srca<17>       |aluresult<23>  |    9.995|
srca<17>       |aluresult<24>  |   10.436|
srca<17>       |aluresult<25>  |   10.562|
srca<17>       |aluresult<26>  |   10.118|
srca<17>       |aluresult<27>  |   10.619|
srca<17>       |aluresult<28>  |   11.018|
srca<17>       |aluresult<29>  |   10.227|
srca<17>       |aluresult<30>  |   10.037|
srca<17>       |aluresult<31>  |   11.351|
srca<18>       |aluresult<18>  |   10.440|
srca<18>       |aluresult<19>  |   10.652|
srca<18>       |aluresult<20>  |   10.621|
srca<18>       |aluresult<21>  |   10.162|
srca<18>       |aluresult<22>  |   10.742|
srca<18>       |aluresult<23>  |   10.536|
srca<18>       |aluresult<24>  |   10.977|
srca<18>       |aluresult<25>  |   11.103|
srca<18>       |aluresult<26>  |   10.659|
srca<18>       |aluresult<27>  |   11.160|
srca<18>       |aluresult<28>  |   11.559|
srca<18>       |aluresult<29>  |   10.768|
srca<18>       |aluresult<30>  |   10.578|
srca<18>       |aluresult<31>  |   11.892|
srca<19>       |aluresult<19>  |   10.267|
srca<19>       |aluresult<20>  |   10.649|
srca<19>       |aluresult<21>  |   10.190|
srca<19>       |aluresult<22>  |   10.770|
srca<19>       |aluresult<23>  |   10.564|
srca<19>       |aluresult<24>  |   11.005|
srca<19>       |aluresult<25>  |   11.131|
srca<19>       |aluresult<26>  |   10.687|
srca<19>       |aluresult<27>  |   11.188|
srca<19>       |aluresult<28>  |   11.587|
srca<19>       |aluresult<29>  |   10.796|
srca<19>       |aluresult<30>  |   10.606|
srca<19>       |aluresult<31>  |   11.920|
srca<20>       |aluresult<20>  |    9.764|
srca<20>       |aluresult<21>  |    9.533|
srca<20>       |aluresult<22>  |   10.296|
srca<20>       |aluresult<23>  |   10.090|
srca<20>       |aluresult<24>  |   10.531|
srca<20>       |aluresult<25>  |   10.657|
srca<20>       |aluresult<26>  |   10.213|
srca<20>       |aluresult<27>  |   10.714|
srca<20>       |aluresult<28>  |   11.113|
srca<20>       |aluresult<29>  |   10.322|
srca<20>       |aluresult<30>  |   10.132|
srca<20>       |aluresult<31>  |   11.446|
srca<21>       |aluresult<21>  |    9.634|
srca<21>       |aluresult<22>  |   10.810|
srca<21>       |aluresult<23>  |   10.604|
srca<21>       |aluresult<24>  |   11.045|
srca<21>       |aluresult<25>  |   11.171|
srca<21>       |aluresult<26>  |   10.727|
srca<21>       |aluresult<27>  |   11.228|
srca<21>       |aluresult<28>  |   11.627|
srca<21>       |aluresult<29>  |   10.836|
srca<21>       |aluresult<30>  |   10.646|
srca<21>       |aluresult<31>  |   11.960|
srca<22>       |aluresult<22>  |   10.624|
srca<22>       |aluresult<23>  |   10.646|
srca<22>       |aluresult<24>  |   11.270|
srca<22>       |aluresult<25>  |   11.396|
srca<22>       |aluresult<26>  |   10.952|
srca<22>       |aluresult<27>  |   11.453|
srca<22>       |aluresult<28>  |   11.852|
srca<22>       |aluresult<29>  |   11.061|
srca<22>       |aluresult<30>  |   10.871|
srca<22>       |aluresult<31>  |   12.185|
srca<23>       |aluresult<23>  |    9.602|
srca<23>       |aluresult<24>  |   10.639|
srca<23>       |aluresult<25>  |   10.765|
srca<23>       |aluresult<26>  |   10.321|
srca<23>       |aluresult<27>  |   10.822|
srca<23>       |aluresult<28>  |   11.221|
srca<23>       |aluresult<29>  |   10.430|
srca<23>       |aluresult<30>  |   10.240|
srca<23>       |aluresult<31>  |   11.554|
srca<24>       |aluresult<24>  |   10.176|
srca<24>       |aluresult<25>  |   10.530|
srca<24>       |aluresult<26>  |   10.269|
srca<24>       |aluresult<27>  |   10.770|
srca<24>       |aluresult<28>  |   11.169|
srca<24>       |aluresult<29>  |   10.378|
srca<24>       |aluresult<30>  |   10.188|
srca<24>       |aluresult<31>  |   11.502|
srca<25>       |aluresult<25>  |   10.126|
srca<25>       |aluresult<26>  |   10.278|
srca<25>       |aluresult<27>  |   10.779|
srca<25>       |aluresult<28>  |   11.178|
srca<25>       |aluresult<29>  |   10.387|
srca<25>       |aluresult<30>  |   10.197|
srca<25>       |aluresult<31>  |   11.511|
srca<26>       |aluresult<26>  |    9.864|
srca<26>       |aluresult<27>  |   10.593|
srca<26>       |aluresult<28>  |   11.175|
srca<26>       |aluresult<29>  |   10.384|
srca<26>       |aluresult<30>  |   10.194|
srca<26>       |aluresult<31>  |   11.508|
srca<27>       |aluresult<27>  |    9.765|
srca<27>       |aluresult<28>  |   10.760|
srca<27>       |aluresult<29>  |    9.969|
srca<27>       |aluresult<30>  |    9.779|
srca<27>       |aluresult<31>  |   11.093|
srca<28>       |aluresult<28>  |   10.186|
srca<28>       |aluresult<29>  |    9.623|
srca<28>       |aluresult<30>  |    9.616|
srca<28>       |aluresult<31>  |   10.930|
srca<29>       |aluresult<29>  |    9.769|
srca<29>       |aluresult<30>  |   10.175|
srca<29>       |aluresult<31>  |   11.489|
srca<30>       |aluresult<30>  |    9.418|
srca<30>       |aluresult<31>  |   10.960|
srca<31>       |aluresult<31>  |    9.966|
srcb<0>        |aluresult<0>   |   11.078|
srcb<0>        |aluresult<1>   |   11.276|
srcb<0>        |aluresult<2>   |   11.045|
srcb<0>        |aluresult<3>   |   11.523|
srcb<0>        |aluresult<4>   |   11.362|
srcb<0>        |aluresult<5>   |   11.722|
srcb<0>        |aluresult<6>   |   12.402|
srcb<0>        |aluresult<7>   |   12.212|
srcb<0>        |aluresult<8>   |   11.389|
srcb<0>        |aluresult<9>   |   11.748|
srcb<0>        |aluresult<10>  |   11.516|
srcb<0>        |aluresult<11>  |   12.019|
srcb<0>        |aluresult<12>  |   11.570|
srcb<0>        |aluresult<13>  |   12.239|
srcb<0>        |aluresult<14>  |   11.383|
srcb<0>        |aluresult<15>  |   11.403|
srcb<0>        |aluresult<16>  |   11.993|
srcb<0>        |aluresult<17>  |   11.819|
srcb<0>        |aluresult<18>  |   12.049|
srcb<0>        |aluresult<19>  |   12.033|
srcb<0>        |aluresult<20>  |   11.819|
srcb<0>        |aluresult<21>  |   11.360|
srcb<0>        |aluresult<22>  |   11.940|
srcb<0>        |aluresult<23>  |   11.734|
srcb<0>        |aluresult<24>  |   12.175|
srcb<0>        |aluresult<25>  |   12.301|
srcb<0>        |aluresult<26>  |   11.857|
srcb<0>        |aluresult<27>  |   12.358|
srcb<0>        |aluresult<28>  |   12.757|
srcb<0>        |aluresult<29>  |   11.966|
srcb<0>        |aluresult<30>  |   11.776|
srcb<0>        |aluresult<31>  |   13.090|
srcb<1>        |aluresult<1>   |   10.117|
srcb<1>        |aluresult<2>   |   10.299|
srcb<1>        |aluresult<3>   |   10.777|
srcb<1>        |aluresult<4>   |   10.616|
srcb<1>        |aluresult<5>   |   10.976|
srcb<1>        |aluresult<6>   |   11.656|
srcb<1>        |aluresult<7>   |   11.466|
srcb<1>        |aluresult<8>   |   10.643|
srcb<1>        |aluresult<9>   |   11.002|
srcb<1>        |aluresult<10>  |   10.770|
srcb<1>        |aluresult<11>  |   11.273|
srcb<1>        |aluresult<12>  |   10.824|
srcb<1>        |aluresult<13>  |   11.493|
srcb<1>        |aluresult<14>  |   10.637|
srcb<1>        |aluresult<15>  |   10.657|
srcb<1>        |aluresult<16>  |   11.247|
srcb<1>        |aluresult<17>  |   11.073|
srcb<1>        |aluresult<18>  |   11.303|
srcb<1>        |aluresult<19>  |   11.287|
srcb<1>        |aluresult<20>  |   11.073|
srcb<1>        |aluresult<21>  |   10.614|
srcb<1>        |aluresult<22>  |   11.194|
srcb<1>        |aluresult<23>  |   10.988|
srcb<1>        |aluresult<24>  |   11.429|
srcb<1>        |aluresult<25>  |   11.555|
srcb<1>        |aluresult<26>  |   11.111|
srcb<1>        |aluresult<27>  |   11.612|
srcb<1>        |aluresult<28>  |   12.011|
srcb<1>        |aluresult<29>  |   11.220|
srcb<1>        |aluresult<30>  |   11.030|
srcb<1>        |aluresult<31>  |   12.344|
srcb<2>        |aluresult<2>   |   10.167|
srcb<2>        |aluresult<3>   |   10.873|
srcb<2>        |aluresult<4>   |   10.895|
srcb<2>        |aluresult<5>   |   11.255|
srcb<2>        |aluresult<6>   |   11.935|
srcb<2>        |aluresult<7>   |   11.745|
srcb<2>        |aluresult<8>   |   10.922|
srcb<2>        |aluresult<9>   |   11.281|
srcb<2>        |aluresult<10>  |   11.049|
srcb<2>        |aluresult<11>  |   11.552|
srcb<2>        |aluresult<12>  |   11.103|
srcb<2>        |aluresult<13>  |   11.772|
srcb<2>        |aluresult<14>  |   10.916|
srcb<2>        |aluresult<15>  |   10.936|
srcb<2>        |aluresult<16>  |   11.526|
srcb<2>        |aluresult<17>  |   11.352|
srcb<2>        |aluresult<18>  |   11.582|
srcb<2>        |aluresult<19>  |   11.566|
srcb<2>        |aluresult<20>  |   11.352|
srcb<2>        |aluresult<21>  |   10.893|
srcb<2>        |aluresult<22>  |   11.473|
srcb<2>        |aluresult<23>  |   11.267|
srcb<2>        |aluresult<24>  |   11.708|
srcb<2>        |aluresult<25>  |   11.834|
srcb<2>        |aluresult<26>  |   11.390|
srcb<2>        |aluresult<27>  |   11.891|
srcb<2>        |aluresult<28>  |   12.290|
srcb<2>        |aluresult<29>  |   11.499|
srcb<2>        |aluresult<30>  |   11.309|
srcb<2>        |aluresult<31>  |   12.623|
srcb<3>        |aluresult<3>   |   10.767|
srcb<3>        |aluresult<4>   |   11.202|
srcb<3>        |aluresult<5>   |   11.562|
srcb<3>        |aluresult<6>   |   12.242|
srcb<3>        |aluresult<7>   |   12.052|
srcb<3>        |aluresult<8>   |   11.229|
srcb<3>        |aluresult<9>   |   11.588|
srcb<3>        |aluresult<10>  |   11.356|
srcb<3>        |aluresult<11>  |   11.859|
srcb<3>        |aluresult<12>  |   11.410|
srcb<3>        |aluresult<13>  |   12.079|
srcb<3>        |aluresult<14>  |   11.223|
srcb<3>        |aluresult<15>  |   11.243|
srcb<3>        |aluresult<16>  |   11.833|
srcb<3>        |aluresult<17>  |   11.659|
srcb<3>        |aluresult<18>  |   11.889|
srcb<3>        |aluresult<19>  |   11.873|
srcb<3>        |aluresult<20>  |   11.659|
srcb<3>        |aluresult<21>  |   11.200|
srcb<3>        |aluresult<22>  |   11.780|
srcb<3>        |aluresult<23>  |   11.574|
srcb<3>        |aluresult<24>  |   12.015|
srcb<3>        |aluresult<25>  |   12.141|
srcb<3>        |aluresult<26>  |   11.697|
srcb<3>        |aluresult<27>  |   12.198|
srcb<3>        |aluresult<28>  |   12.597|
srcb<3>        |aluresult<29>  |   11.806|
srcb<3>        |aluresult<30>  |   11.616|
srcb<3>        |aluresult<31>  |   12.930|
srcb<4>        |aluresult<4>   |   10.463|
srcb<4>        |aluresult<5>   |   11.051|
srcb<4>        |aluresult<6>   |   11.914|
srcb<4>        |aluresult<7>   |   11.724|
srcb<4>        |aluresult<8>   |   10.901|
srcb<4>        |aluresult<9>   |   11.260|
srcb<4>        |aluresult<10>  |   11.028|
srcb<4>        |aluresult<11>  |   11.531|
srcb<4>        |aluresult<12>  |   11.082|
srcb<4>        |aluresult<13>  |   11.751|
srcb<4>        |aluresult<14>  |   10.895|
srcb<4>        |aluresult<15>  |   10.915|
srcb<4>        |aluresult<16>  |   11.505|
srcb<4>        |aluresult<17>  |   11.331|
srcb<4>        |aluresult<18>  |   11.561|
srcb<4>        |aluresult<19>  |   11.545|
srcb<4>        |aluresult<20>  |   11.331|
srcb<4>        |aluresult<21>  |   10.872|
srcb<4>        |aluresult<22>  |   11.452|
srcb<4>        |aluresult<23>  |   11.246|
srcb<4>        |aluresult<24>  |   11.687|
srcb<4>        |aluresult<25>  |   11.813|
srcb<4>        |aluresult<26>  |   11.369|
srcb<4>        |aluresult<27>  |   11.870|
srcb<4>        |aluresult<28>  |   12.269|
srcb<4>        |aluresult<29>  |   11.478|
srcb<4>        |aluresult<30>  |   11.288|
srcb<4>        |aluresult<31>  |   12.602|
srcb<5>        |aluresult<5>   |   10.833|
srcb<5>        |aluresult<6>   |   12.109|
srcb<5>        |aluresult<7>   |   11.919|
srcb<5>        |aluresult<8>   |   11.096|
srcb<5>        |aluresult<9>   |   11.455|
srcb<5>        |aluresult<10>  |   11.223|
srcb<5>        |aluresult<11>  |   11.726|
srcb<5>        |aluresult<12>  |   11.277|
srcb<5>        |aluresult<13>  |   11.946|
srcb<5>        |aluresult<14>  |   11.090|
srcb<5>        |aluresult<15>  |   11.110|
srcb<5>        |aluresult<16>  |   11.700|
srcb<5>        |aluresult<17>  |   11.526|
srcb<5>        |aluresult<18>  |   11.756|
srcb<5>        |aluresult<19>  |   11.740|
srcb<5>        |aluresult<20>  |   11.526|
srcb<5>        |aluresult<21>  |   11.067|
srcb<5>        |aluresult<22>  |   11.647|
srcb<5>        |aluresult<23>  |   11.441|
srcb<5>        |aluresult<24>  |   11.882|
srcb<5>        |aluresult<25>  |   12.008|
srcb<5>        |aluresult<26>  |   11.564|
srcb<5>        |aluresult<27>  |   12.065|
srcb<5>        |aluresult<28>  |   12.464|
srcb<5>        |aluresult<29>  |   11.673|
srcb<5>        |aluresult<30>  |   11.483|
srcb<5>        |aluresult<31>  |   12.797|
srcb<6>        |aluresult<6>   |   11.974|
srcb<6>        |aluresult<7>   |   12.012|
srcb<6>        |aluresult<8>   |   11.372|
srcb<6>        |aluresult<9>   |   11.731|
srcb<6>        |aluresult<10>  |   11.499|
srcb<6>        |aluresult<11>  |   12.002|
srcb<6>        |aluresult<12>  |   11.553|
srcb<6>        |aluresult<13>  |   12.222|
srcb<6>        |aluresult<14>  |   11.366|
srcb<6>        |aluresult<15>  |   11.386|
srcb<6>        |aluresult<16>  |   11.976|
srcb<6>        |aluresult<17>  |   11.802|
srcb<6>        |aluresult<18>  |   12.032|
srcb<6>        |aluresult<19>  |   12.016|
srcb<6>        |aluresult<20>  |   11.802|
srcb<6>        |aluresult<21>  |   11.343|
srcb<6>        |aluresult<22>  |   11.923|
srcb<6>        |aluresult<23>  |   11.717|
srcb<6>        |aluresult<24>  |   12.158|
srcb<6>        |aluresult<25>  |   12.284|
srcb<6>        |aluresult<26>  |   11.840|
srcb<6>        |aluresult<27>  |   12.341|
srcb<6>        |aluresult<28>  |   12.740|
srcb<6>        |aluresult<29>  |   11.949|
srcb<6>        |aluresult<30>  |   11.759|
srcb<6>        |aluresult<31>  |   13.073|
srcb<7>        |aluresult<7>   |   11.446|
srcb<7>        |aluresult<8>   |   11.219|
srcb<7>        |aluresult<9>   |   11.578|
srcb<7>        |aluresult<10>  |   11.346|
srcb<7>        |aluresult<11>  |   11.849|
srcb<7>        |aluresult<12>  |   11.400|
srcb<7>        |aluresult<13>  |   12.069|
srcb<7>        |aluresult<14>  |   11.213|
srcb<7>        |aluresult<15>  |   11.233|
srcb<7>        |aluresult<16>  |   11.823|
srcb<7>        |aluresult<17>  |   11.649|
srcb<7>        |aluresult<18>  |   11.879|
srcb<7>        |aluresult<19>  |   11.863|
srcb<7>        |aluresult<20>  |   11.649|
srcb<7>        |aluresult<21>  |   11.190|
srcb<7>        |aluresult<22>  |   11.770|
srcb<7>        |aluresult<23>  |   11.564|
srcb<7>        |aluresult<24>  |   12.005|
srcb<7>        |aluresult<25>  |   12.131|
srcb<7>        |aluresult<26>  |   11.687|
srcb<7>        |aluresult<27>  |   12.188|
srcb<7>        |aluresult<28>  |   12.587|
srcb<7>        |aluresult<29>  |   11.796|
srcb<7>        |aluresult<30>  |   11.606|
srcb<7>        |aluresult<31>  |   12.920|
srcb<8>        |aluresult<8>   |   10.836|
srcb<8>        |aluresult<9>   |   11.423|
srcb<8>        |aluresult<10>  |   11.374|
srcb<8>        |aluresult<11>  |   11.877|
srcb<8>        |aluresult<12>  |   11.428|
srcb<8>        |aluresult<13>  |   12.097|
srcb<8>        |aluresult<14>  |   11.241|
srcb<8>        |aluresult<15>  |   11.261|
srcb<8>        |aluresult<16>  |   11.851|
srcb<8>        |aluresult<17>  |   11.677|
srcb<8>        |aluresult<18>  |   11.907|
srcb<8>        |aluresult<19>  |   11.891|
srcb<8>        |aluresult<20>  |   11.677|
srcb<8>        |aluresult<21>  |   11.218|
srcb<8>        |aluresult<22>  |   11.798|
srcb<8>        |aluresult<23>  |   11.592|
srcb<8>        |aluresult<24>  |   12.033|
srcb<8>        |aluresult<25>  |   12.159|
srcb<8>        |aluresult<26>  |   11.715|
srcb<8>        |aluresult<27>  |   12.216|
srcb<8>        |aluresult<28>  |   12.615|
srcb<8>        |aluresult<29>  |   11.824|
srcb<8>        |aluresult<30>  |   11.634|
srcb<8>        |aluresult<31>  |   12.948|
srcb<9>        |aluresult<9>   |   10.857|
srcb<9>        |aluresult<10>  |   11.221|
srcb<9>        |aluresult<11>  |   11.724|
srcb<9>        |aluresult<12>  |   11.275|
srcb<9>        |aluresult<13>  |   11.944|
srcb<9>        |aluresult<14>  |   11.088|
srcb<9>        |aluresult<15>  |   11.108|
srcb<9>        |aluresult<16>  |   11.698|
srcb<9>        |aluresult<17>  |   11.524|
srcb<9>        |aluresult<18>  |   11.754|
srcb<9>        |aluresult<19>  |   11.738|
srcb<9>        |aluresult<20>  |   11.524|
srcb<9>        |aluresult<21>  |   11.065|
srcb<9>        |aluresult<22>  |   11.645|
srcb<9>        |aluresult<23>  |   11.439|
srcb<9>        |aluresult<24>  |   11.880|
srcb<9>        |aluresult<25>  |   12.006|
srcb<9>        |aluresult<26>  |   11.562|
srcb<9>        |aluresult<27>  |   12.063|
srcb<9>        |aluresult<28>  |   12.462|
srcb<9>        |aluresult<29>  |   11.671|
srcb<9>        |aluresult<30>  |   11.481|
srcb<9>        |aluresult<31>  |   12.795|
srcb<10>       |aluresult<10>  |   10.761|
srcb<10>       |aluresult<11>  |   11.492|
srcb<10>       |aluresult<12>  |   11.226|
srcb<10>       |aluresult<13>  |   11.895|
srcb<10>       |aluresult<14>  |   11.039|
srcb<10>       |aluresult<15>  |   11.059|
srcb<10>       |aluresult<16>  |   11.649|
srcb<10>       |aluresult<17>  |   11.475|
srcb<10>       |aluresult<18>  |   11.705|
srcb<10>       |aluresult<19>  |   11.689|
srcb<10>       |aluresult<20>  |   11.475|
srcb<10>       |aluresult<21>  |   11.016|
srcb<10>       |aluresult<22>  |   11.596|
srcb<10>       |aluresult<23>  |   11.390|
srcb<10>       |aluresult<24>  |   11.831|
srcb<10>       |aluresult<25>  |   11.957|
srcb<10>       |aluresult<26>  |   11.513|
srcb<10>       |aluresult<27>  |   12.014|
srcb<10>       |aluresult<28>  |   12.413|
srcb<10>       |aluresult<29>  |   11.622|
srcb<10>       |aluresult<30>  |   11.432|
srcb<10>       |aluresult<31>  |   12.746|
srcb<11>       |aluresult<11>  |   11.029|
srcb<11>       |aluresult<12>  |   11.176|
srcb<11>       |aluresult<13>  |   11.845|
srcb<11>       |aluresult<14>  |   10.989|
srcb<11>       |aluresult<15>  |   11.009|
srcb<11>       |aluresult<16>  |   11.599|
srcb<11>       |aluresult<17>  |   11.425|
srcb<11>       |aluresult<18>  |   11.655|
srcb<11>       |aluresult<19>  |   11.639|
srcb<11>       |aluresult<20>  |   11.425|
srcb<11>       |aluresult<21>  |   10.966|
srcb<11>       |aluresult<22>  |   11.546|
srcb<11>       |aluresult<23>  |   11.340|
srcb<11>       |aluresult<24>  |   11.781|
srcb<11>       |aluresult<25>  |   11.907|
srcb<11>       |aluresult<26>  |   11.463|
srcb<11>       |aluresult<27>  |   11.964|
srcb<11>       |aluresult<28>  |   12.363|
srcb<11>       |aluresult<29>  |   11.572|
srcb<11>       |aluresult<30>  |   11.382|
srcb<11>       |aluresult<31>  |   12.696|
srcb<12>       |aluresult<12>  |   10.403|
srcb<12>       |aluresult<13>  |   11.300|
srcb<12>       |aluresult<14>  |   10.627|
srcb<12>       |aluresult<15>  |   10.647|
srcb<12>       |aluresult<16>  |   11.237|
srcb<12>       |aluresult<17>  |   11.063|
srcb<12>       |aluresult<18>  |   11.293|
srcb<12>       |aluresult<19>  |   11.277|
srcb<12>       |aluresult<20>  |   11.063|
srcb<12>       |aluresult<21>  |   10.604|
srcb<12>       |aluresult<22>  |   11.184|
srcb<12>       |aluresult<23>  |   10.978|
srcb<12>       |aluresult<24>  |   11.419|
srcb<12>       |aluresult<25>  |   11.545|
srcb<12>       |aluresult<26>  |   11.101|
srcb<12>       |aluresult<27>  |   11.602|
srcb<12>       |aluresult<28>  |   12.001|
srcb<12>       |aluresult<29>  |   11.210|
srcb<12>       |aluresult<30>  |   11.020|
srcb<12>       |aluresult<31>  |   12.334|
srcb<13>       |aluresult<13>  |   11.836|
srcb<13>       |aluresult<14>  |   11.576|
srcb<13>       |aluresult<15>  |   11.596|
srcb<13>       |aluresult<16>  |   12.186|
srcb<13>       |aluresult<17>  |   12.012|
srcb<13>       |aluresult<18>  |   12.242|
srcb<13>       |aluresult<19>  |   12.226|
srcb<13>       |aluresult<20>  |   12.012|
srcb<13>       |aluresult<21>  |   11.553|
srcb<13>       |aluresult<22>  |   12.133|
srcb<13>       |aluresult<23>  |   11.927|
srcb<13>       |aluresult<24>  |   12.368|
srcb<13>       |aluresult<25>  |   12.494|
srcb<13>       |aluresult<26>  |   12.050|
srcb<13>       |aluresult<27>  |   12.551|
srcb<13>       |aluresult<28>  |   12.950|
srcb<13>       |aluresult<29>  |   12.159|
srcb<13>       |aluresult<30>  |   11.969|
srcb<13>       |aluresult<31>  |   13.283|
srcb<14>       |aluresult<14>  |   10.325|
srcb<14>       |aluresult<15>  |   10.573|
srcb<14>       |aluresult<16>  |   11.346|
srcb<14>       |aluresult<17>  |   11.172|
srcb<14>       |aluresult<18>  |   11.402|
srcb<14>       |aluresult<19>  |   11.386|
srcb<14>       |aluresult<20>  |   11.172|
srcb<14>       |aluresult<21>  |   10.713|
srcb<14>       |aluresult<22>  |   11.293|
srcb<14>       |aluresult<23>  |   11.087|
srcb<14>       |aluresult<24>  |   11.528|
srcb<14>       |aluresult<25>  |   11.654|
srcb<14>       |aluresult<26>  |   11.210|
srcb<14>       |aluresult<27>  |   11.711|
srcb<14>       |aluresult<28>  |   12.110|
srcb<14>       |aluresult<29>  |   11.319|
srcb<14>       |aluresult<30>  |   11.129|
srcb<14>       |aluresult<31>  |   12.443|
srcb<15>       |aluresult<15>  |   10.256|
srcb<15>       |aluresult<16>  |   11.442|
srcb<15>       |aluresult<17>  |   11.268|
srcb<15>       |aluresult<18>  |   11.498|
srcb<15>       |aluresult<19>  |   11.482|
srcb<15>       |aluresult<20>  |   11.268|
srcb<15>       |aluresult<21>  |   10.809|
srcb<15>       |aluresult<22>  |   11.389|
srcb<15>       |aluresult<23>  |   11.183|
srcb<15>       |aluresult<24>  |   11.624|
srcb<15>       |aluresult<25>  |   11.750|
srcb<15>       |aluresult<26>  |   11.306|
srcb<15>       |aluresult<27>  |   11.807|
srcb<15>       |aluresult<28>  |   12.206|
srcb<15>       |aluresult<29>  |   11.415|
srcb<15>       |aluresult<30>  |   11.225|
srcb<15>       |aluresult<31>  |   12.539|
srcb<16>       |aluresult<16>  |   11.197|
srcb<16>       |aluresult<17>  |   11.251|
srcb<16>       |aluresult<18>  |   11.664|
srcb<16>       |aluresult<19>  |   11.648|
srcb<16>       |aluresult<20>  |   11.434|
srcb<16>       |aluresult<21>  |   10.975|
srcb<16>       |aluresult<22>  |   11.555|
srcb<16>       |aluresult<23>  |   11.349|
srcb<16>       |aluresult<24>  |   11.790|
srcb<16>       |aluresult<25>  |   11.916|
srcb<16>       |aluresult<26>  |   11.472|
srcb<16>       |aluresult<27>  |   11.973|
srcb<16>       |aluresult<28>  |   12.372|
srcb<16>       |aluresult<29>  |   11.581|
srcb<16>       |aluresult<30>  |   11.391|
srcb<16>       |aluresult<31>  |   12.705|
srcb<17>       |aluresult<17>  |   11.195|
srcb<17>       |aluresult<18>  |   12.021|
srcb<17>       |aluresult<19>  |   12.005|
srcb<17>       |aluresult<20>  |   11.791|
srcb<17>       |aluresult<21>  |   11.332|
srcb<17>       |aluresult<22>  |   11.912|
srcb<17>       |aluresult<23>  |   11.706|
srcb<17>       |aluresult<24>  |   12.147|
srcb<17>       |aluresult<25>  |   12.273|
srcb<17>       |aluresult<26>  |   11.829|
srcb<17>       |aluresult<27>  |   12.330|
srcb<17>       |aluresult<28>  |   12.729|
srcb<17>       |aluresult<29>  |   11.938|
srcb<17>       |aluresult<30>  |   11.748|
srcb<17>       |aluresult<31>  |   13.062|
srcb<18>       |aluresult<18>  |   10.770|
srcb<18>       |aluresult<19>  |   10.982|
srcb<18>       |aluresult<20>  |   10.951|
srcb<18>       |aluresult<21>  |   10.492|
srcb<18>       |aluresult<22>  |   11.072|
srcb<18>       |aluresult<23>  |   10.866|
srcb<18>       |aluresult<24>  |   11.307|
srcb<18>       |aluresult<25>  |   11.433|
srcb<18>       |aluresult<26>  |   10.989|
srcb<18>       |aluresult<27>  |   11.490|
srcb<18>       |aluresult<28>  |   11.889|
srcb<18>       |aluresult<29>  |   11.098|
srcb<18>       |aluresult<30>  |   10.908|
srcb<18>       |aluresult<31>  |   12.222|
srcb<19>       |aluresult<19>  |   10.907|
srcb<19>       |aluresult<20>  |   11.289|
srcb<19>       |aluresult<21>  |   10.830|
srcb<19>       |aluresult<22>  |   11.410|
srcb<19>       |aluresult<23>  |   11.204|
srcb<19>       |aluresult<24>  |   11.645|
srcb<19>       |aluresult<25>  |   11.771|
srcb<19>       |aluresult<26>  |   11.327|
srcb<19>       |aluresult<27>  |   11.828|
srcb<19>       |aluresult<28>  |   12.227|
srcb<19>       |aluresult<29>  |   11.436|
srcb<19>       |aluresult<30>  |   11.246|
srcb<19>       |aluresult<31>  |   12.560|
srcb<20>       |aluresult<20>  |   10.820|
srcb<20>       |aluresult<21>  |   10.589|
srcb<20>       |aluresult<22>  |   11.352|
srcb<20>       |aluresult<23>  |   11.146|
srcb<20>       |aluresult<24>  |   11.587|
srcb<20>       |aluresult<25>  |   11.713|
srcb<20>       |aluresult<26>  |   11.269|
srcb<20>       |aluresult<27>  |   11.770|
srcb<20>       |aluresult<28>  |   12.169|
srcb<20>       |aluresult<29>  |   11.378|
srcb<20>       |aluresult<30>  |   11.188|
srcb<20>       |aluresult<31>  |   12.502|
srcb<21>       |aluresult<21>  |   10.100|
srcb<21>       |aluresult<22>  |   11.276|
srcb<21>       |aluresult<23>  |   11.070|
srcb<21>       |aluresult<24>  |   11.511|
srcb<21>       |aluresult<25>  |   11.637|
srcb<21>       |aluresult<26>  |   11.193|
srcb<21>       |aluresult<27>  |   11.694|
srcb<21>       |aluresult<28>  |   12.093|
srcb<21>       |aluresult<29>  |   11.302|
srcb<21>       |aluresult<30>  |   11.112|
srcb<21>       |aluresult<31>  |   12.426|
srcb<22>       |aluresult<22>  |   10.482|
srcb<22>       |aluresult<23>  |   10.504|
srcb<22>       |aluresult<24>  |   11.128|
srcb<22>       |aluresult<25>  |   11.254|
srcb<22>       |aluresult<26>  |   10.810|
srcb<22>       |aluresult<27>  |   11.311|
srcb<22>       |aluresult<28>  |   11.710|
srcb<22>       |aluresult<29>  |   10.919|
srcb<22>       |aluresult<30>  |   10.729|
srcb<22>       |aluresult<31>  |   12.043|
srcb<23>       |aluresult<23>  |   11.069|
srcb<23>       |aluresult<24>  |   12.106|
srcb<23>       |aluresult<25>  |   12.232|
srcb<23>       |aluresult<26>  |   11.788|
srcb<23>       |aluresult<27>  |   12.289|
srcb<23>       |aluresult<28>  |   12.688|
srcb<23>       |aluresult<29>  |   11.897|
srcb<23>       |aluresult<30>  |   11.707|
srcb<23>       |aluresult<31>  |   13.021|
srcb<24>       |aluresult<24>  |   10.567|
srcb<24>       |aluresult<25>  |   10.921|
srcb<24>       |aluresult<26>  |   10.660|
srcb<24>       |aluresult<27>  |   11.161|
srcb<24>       |aluresult<28>  |   11.560|
srcb<24>       |aluresult<29>  |   10.769|
srcb<24>       |aluresult<30>  |   10.579|
srcb<24>       |aluresult<31>  |   11.893|
srcb<25>       |aluresult<25>  |   10.477|
srcb<25>       |aluresult<26>  |   10.629|
srcb<25>       |aluresult<27>  |   11.130|
srcb<25>       |aluresult<28>  |   11.529|
srcb<25>       |aluresult<29>  |   10.738|
srcb<25>       |aluresult<30>  |   10.548|
srcb<25>       |aluresult<31>  |   11.862|
srcb<26>       |aluresult<26>  |   10.474|
srcb<26>       |aluresult<27>  |   11.203|
srcb<26>       |aluresult<28>  |   11.785|
srcb<26>       |aluresult<29>  |   10.994|
srcb<26>       |aluresult<30>  |   10.804|
srcb<26>       |aluresult<31>  |   12.118|
srcb<27>       |aluresult<27>  |   10.674|
srcb<27>       |aluresult<28>  |   11.669|
srcb<27>       |aluresult<29>  |   10.878|
srcb<27>       |aluresult<30>  |   10.688|
srcb<27>       |aluresult<31>  |   12.002|
srcb<28>       |aluresult<28>  |   11.244|
srcb<28>       |aluresult<29>  |   10.681|
srcb<28>       |aluresult<30>  |   10.674|
srcb<28>       |aluresult<31>  |   11.988|
srcb<29>       |aluresult<29>  |   10.265|
srcb<29>       |aluresult<30>  |   10.671|
srcb<29>       |aluresult<31>  |   11.985|
srcb<30>       |aluresult<30>  |   10.478|
srcb<30>       |aluresult<31>  |   12.020|
srcb<31>       |aluresult<31>  |   11.462|
---------------+---------------+---------+


Analysis completed Sun Apr 16 09:49:13 2017 
--------------------------------------------------------------------------------

Trace Settings:
-------------------------
Trace Settings 

Peak Memory Usage: 181 MB



